Collecting numpy==1.26.4
  Downloading numpy-1.26.4-cp312-cp312-macosx_11_0_arm64.whl.metadata (61 kB)
Collecting pandas==2.2.3
  Downloading pandas-2.2.3-cp312-cp312-macosx_11_0_arm64.whl.metadata (89 kB)
Collecting scikit-learn==1.5.2
  Downloading scikit_learn-1.5.2-cp312-cp312-macosx_12_0_arm64.whl.metadata (13 kB)
Collecting scipy==1.14.1
  Downloading scipy-1.14.1-cp312-cp312-macosx_14_0_arm64.whl.metadata (60 kB)
Collecting torch==2.6.0
  Downloading torch-2.6.0-cp312-none-macosx_11_0_arm64.whl.metadata (28 kB)
Collecting fair-esm==2.0.0
  Downloading fair_esm-2.0.0-py3-none-any.whl.metadata (37 kB)
Collecting cleanlab==2.7.0
  Downloading cleanlab-2.7.0-py3-none-any.whl.metadata (60 kB)
Collecting openpyxl==3.1.5
  Downloading openpyxl-3.1.5-py2.py3-none-any.whl.metadata (2.5 kB)
Collecting nbconvert==7.16.6
  Downloading nbconvert-7.16.6-py3-none-any.whl.metadata (8.5 kB)
Collecting ipykernel==6.29.5
  Downloading ipykernel-6.29.5-py3-none-any.whl.metadata (6.3 kB)
Collecting matplotlib==3.10.0
  Downloading matplotlib-3.10.0-cp312-cp312-macosx_11_0_arm64.whl.metadata (11 kB)
Collecting lightgbm==4.6.0
  Downloading lightgbm-4.6.0-py3-none-macosx_12_0_arm64.whl.metadata (17 kB)
Collecting rapidfuzz==3.12.1
  Downloading rapidfuzz-3.12.1-cp312-cp312-macosx_11_0_arm64.whl.metadata (11 kB)
Collecting tensorflow==2.18.0
  Downloading tensorflow-2.18.0-cp312-cp312-macosx_12_0_arm64.whl.metadata (4.0 kB)
Collecting python-dateutil>=2.8.2 (from pandas==2.2.3)
  Downloading python_dateutil-2.9.0.post0-py2.py3-none-any.whl.metadata (8.4 kB)
Collecting pytz>=2020.1 (from pandas==2.2.3)
  Downloading pytz-2026.3.post1-py2.py3-none-any.whl.metadata (22 kB)
Collecting tzdata>=2022.7 (from pandas==2.2.3)
  Downloading tzdata-2026.4-py2.py3-none-any.whl.metadata (1.4 kB)
Collecting joblib>=1.2.0 (from scikit-learn==1.5.2)
  Downloading joblib-1.6.0-py3-none-any.whl.metadata (6.5 kB)
Collecting threadpoolctl>=3.1.0 (from scikit-learn==1.5.2)
  Downloading threadpoolctl-3.7.0-py3-none-any.whl.metadata (24 kB)
Collecting filelock (from torch==2.6.0)
  Downloading filelock-4.0.1-py3-none-any.whl.metadata (2.0 kB)
Collecting typing-extensions>=4.10.0 (from torch==2.6.0)
  Downloading typing_extensions-4.16.0-py3-none-any.whl.metadata (3.3 kB)
Collecting networkx (from torch==2.6.0)
  Downloading networkx-3.7-py3-none-any.whl.metadata (6.7 kB)
Collecting jinja2 (from torch==2.6.0)
  Downloading jinja2-3.1.6-py3-none-any.whl.metadata (2.9 kB)
Collecting fsspec (from torch==2.6.0)
  Downloading fsspec-2026.9.0-py3-none-any.whl.metadata (10 kB)
Collecting setuptools (from torch==2.6.0)
  Downloading setuptools-84.0.0-py3-none-any.whl.metadata (6.6 kB)
Collecting sympy==1.13.1 (from torch==2.6.0)
  Downloading sympy-1.13.1-py3-none-any.whl.metadata (12 kB)
Collecting tqdm>=4.53.0 (from cleanlab==2.7.0)
  Downloading tqdm-4.70.1-py3-none-any.whl.metadata (57 kB)
Collecting termcolor>=2.4.0 (from cleanlab==2.7.0)
  Downloading termcolor-3.3.0-py3-none-any.whl.metadata (6.5 kB)
Collecting et-xmlfile (from openpyxl==3.1.5)
  Downloading et_xmlfile-2.0.0-py3-none-any.whl.metadata (2.7 kB)
Collecting beautifulsoup4 (from nbconvert==7.16.6)
  Downloading beautifulsoup4-4.15.0-py3-none-any.whl.metadata (3.8 kB)
Collecting bleach!=5.0.0 (from bleach[css]!=5.0.0->nbconvert==7.16.6)
  Downloading bleach-6.4.0-py3-none-any.whl.metadata (32 kB)
Collecting defusedxml (from nbconvert==7.16.6)
  Downloading defusedxml-0.7.1-py2.py3-none-any.whl.metadata (32 kB)
Collecting jupyter-core>=4.7 (from nbconvert==7.16.6)
  Downloading jupyter_core-5.9.1-py3-none-any.whl.metadata (1.5 kB)
Collecting jupyterlab-pygments (from nbconvert==7.16.6)
  Downloading jupyterlab_pygments-0.3.0-py3-none-any.whl.metadata (4.4 kB)
Collecting markupsafe>=2.0 (from nbconvert==7.16.6)
  Downloading markupsafe-3.0.3-cp312-cp312-macosx_11_0_arm64.whl.metadata (2.7 kB)
Collecting mistune<4,>=2.0.3 (from nbconvert==7.16.6)
  Downloading mistune-3.3.4-py3-none-any.whl.metadata (1.9 kB)
Collecting nbclient>=0.5.0 (from nbconvert==7.16.6)
  Downloading nbclient-0.11.0-py3-none-any.whl.metadata (7.3 kB)
Collecting nbformat>=5.7 (from nbconvert==7.16.6)
  Downloading nbformat-5.11.1-py3-none-any.whl.metadata (3.7 kB)
Collecting packaging (from nbconvert==7.16.6)
  Downloading packaging-26.3-py3-none-any.whl.metadata (3.5 kB)
Collecting pandocfilters>=1.4.1 (from nbconvert==7.16.6)
  Downloading pandocfilters-1.5.1-py2.py3-none-any.whl.metadata (9.0 kB)
Collecting pygments>=2.4.1 (from nbconvert==7.16.6)
  Downloading pygments-2.21.0-py3-none-any.whl.metadata (2.5 kB)
Collecting traitlets>=5.1 (from nbconvert==7.16.6)
  Downloading traitlets-5.16.1-py3-none-any.whl.metadata (10 kB)
Collecting appnope (from ipykernel==6.29.5)
  Downloading appnope-1.0.0-py3-none-any.whl.metadata (982 bytes)
Collecting comm>=0.1.1 (from ipykernel==6.29.5)
  Downloading comm-0.2.3-py3-none-any.whl.metadata (3.7 kB)
Collecting debugpy>=1.6.5 (from ipykernel==6.29.5)
  Downloading debugpy-1.8.22-cp312-cp312-macosx_15_0_universal2.whl.metadata (1.4 kB)
Collecting ipython>=7.23.1 (from ipykernel==6.29.5)
  Downloading ipython-9.17.1-py3-none-any.whl.metadata (4.6 kB)
Collecting jupyter-client>=6.1.12 (from ipykernel==6.29.5)
  Downloading jupyter_client-8.10.0-py3-none-any.whl.metadata (8.5 kB)
Collecting matplotlib-inline>=0.1 (from ipykernel==6.29.5)
  Downloading matplotlib_inline-0.2.2-py3-none-any.whl.metadata (2.4 kB)
Collecting nest-asyncio (from ipykernel==6.29.5)
  Downloading nest_asyncio-1.6.0-py3-none-any.whl.metadata (2.8 kB)
Collecting psutil (from ipykernel==6.29.5)
  Downloading psutil-7.2.2-cp36-abi3-macosx_11_0_arm64.whl.metadata (22 kB)
Collecting pyzmq>=24 (from ipykernel==6.29.5)
  Downloading pyzmq-27.2.0-cp312-abi3-macosx_10_15_universal2.whl.metadata (3.8 kB)
Collecting tornado>=6.1 (from ipykernel==6.29.5)
  Downloading tornado-6.5.10-cp39-abi3-macosx_10_9_universal2.whl.metadata (2.8 kB)
Collecting contourpy>=1.0.1 (from matplotlib==3.10.0)
  Downloading contourpy-1.4.0-cp312-cp312-macosx_11_0_arm64.whl.metadata (3.8 kB)
Collecting cycler>=0.10 (from matplotlib==3.10.0)
  Downloading cycler-0.12.1-py3-none-any.whl.metadata (3.8 kB)
Collecting fonttools>=4.22.0 (from matplotlib==3.10.0)
  Downloading fonttools-4.65.0-cp312-cp312-macosx_10_13_universal2.whl.metadata (125 kB)
Collecting kiwisolver>=1.3.1 (from matplotlib==3.10.0)
  Downloading kiwisolver-1.5.1-cp312-cp312-macosx_11_0_arm64.whl.metadata (5.2 kB)
Collecting pillow>=8 (from matplotlib==3.10.0)
  Downloading pillow-12.3.0-cp312-cp312-macosx_11_0_arm64.whl.metadata (9.1 kB)
Collecting pyparsing>=2.3.1 (from matplotlib==3.10.0)
  Downloading pyparsing-3.3.3-py3-none-any.whl.metadata (5.9 kB)
Collecting absl-py>=1.0.0 (from tensorflow==2.18.0)
  Downloading absl_py-2.5.0-py3-none-any.whl.metadata (3.3 kB)
Collecting astunparse>=1.6.0 (from tensorflow==2.18.0)
  Downloading astunparse-1.6.3-py2.py3-none-any.whl.metadata (4.4 kB)
Collecting flatbuffers>=24.3.25 (from tensorflow==2.18.0)
  Downloading flatbuffers-25.12.19-py2.py3-none-any.whl.metadata (1.0 kB)
Collecting gast!=0.5.0,!=0.5.1,!=0.5.2,>=0.2.1 (from tensorflow==2.18.0)
  Downloading gast-0.7.0-py3-none-any.whl.metadata (1.5 kB)
Collecting google-pasta>=0.1.1 (from tensorflow==2.18.0)
  Downloading google_pasta-0.2.0-py3-none-any.whl.metadata (814 bytes)
Collecting libclang>=13.0.0 (from tensorflow==2.18.0)
  Downloading libclang-18.1.1-1-py2.py3-none-macosx_11_0_arm64.whl.metadata (5.2 kB)
Collecting opt-einsum>=2.3.2 (from tensorflow==2.18.0)
  Downloading opt_einsum-3.4.0-py3-none-any.whl.metadata (6.3 kB)
Collecting protobuf!=4.21.0,!=4.21.1,!=4.21.2,!=4.21.3,!=4.21.4,!=4.21.5,<6.0.0dev,>=3.20.3 (from tensorflow==2.18.0)
  Downloading protobuf-5.29.6-cp38-abi3-macosx_10_9_universal2.whl.metadata (592 bytes)
Collecting requests<3,>=2.21.0 (from tensorflow==2.18.0)
  Downloading requests-2.34.2-py3-none-any.whl.metadata (4.8 kB)
Collecting six>=1.12.0 (from tensorflow==2.18.0)
  Downloading six-1.17.0-py2.py3-none-any.whl.metadata (1.7 kB)
Collecting wrapt>=1.11.0 (from tensorflow==2.18.0)
  Downloading wrapt-2.4.1-cp312-cp312-macosx_11_0_arm64.whl.metadata (7.4 kB)
Collecting grpcio<2.0,>=1.24.3 (from tensorflow==2.18.0)
  Downloading grpcio-1.84.0-cp312-cp312-macosx_11_0_universal2.whl.metadata (3.8 kB)
Collecting tensorboard<2.19,>=2.18 (from tensorflow==2.18.0)
  Downloading tensorboard-2.18.0-py3-none-any.whl.metadata (1.6 kB)
Collecting keras>=3.5.0 (from tensorflow==2.18.0)
  Downloading keras-3.15.1-py3-none-any.whl.metadata (6.4 kB)
Collecting h5py>=3.11.0 (from tensorflow==2.18.0)
  Downloading h5py-3.16.0-cp312-cp312-macosx_11_0_arm64.whl.metadata (3.0 kB)
Collecting ml-dtypes<0.5.0,>=0.4.0 (from tensorflow==2.18.0)
  Downloading ml_dtypes-0.4.1-cp312-cp312-macosx_10_9_universal2.whl.metadata (20 kB)
Collecting mpmath<1.4,>=1.1.0 (from sympy==1.13.1->torch==2.6.0)
  Downloading mpmath-1.3.0-py3-none-any.whl.metadata (8.6 kB)
Collecting wheel<1.0,>=0.23.0 (from astunparse>=1.6.0->tensorflow==2.18.0)
  Downloading wheel-0.48.0-py3-none-any.whl.metadata (2.3 kB)
Collecting webencodings (from bleach!=5.0.0->bleach[css]!=5.0.0->nbconvert==7.16.6)
  Downloading webencodings-0.6.1-py3-none-any.whl.metadata (3.4 kB)
Collecting tinycss2>=1.1.0 (from bleach[css]!=5.0.0->nbconvert==7.16.6)
  Downloading tinycss2-1.5.1-py3-none-any.whl.metadata (3.0 kB)
INFO: pip is looking at multiple versions of contourpy to determine which version is compatible with other requirements. This could take a while.
Collecting contourpy>=1.0.1 (from matplotlib==3.10.0)
  Downloading contourpy-1.3.3-cp312-cp312-macosx_11_0_arm64.whl.metadata (5.5 kB)
Collecting ipython-pygments-lexers>=1.0.0 (from ipython>=7.23.1->ipykernel==6.29.5)
  Downloading ipython_pygments_lexers-1.1.1-py3-none-any.whl.metadata (1.1 kB)
Collecting jedi>=0.18.2 (from ipython>=7.23.1->ipykernel==6.29.5)
  Downloading jedi-0.20.0-py2.py3-none-any.whl.metadata (23 kB)
Collecting pexpect>4.6 (from ipython>=7.23.1->ipykernel==6.29.5)
  Downloading pexpect-4.9.0-py2.py3-none-any.whl.metadata (2.5 kB)
Collecting prompt_toolkit<3.1.0,>=3.0.41 (from ipython>=7.23.1->ipykernel==6.29.5)
  Downloading prompt_toolkit-3.0.53-py3-none-any.whl.metadata (6.4 kB)
Collecting stack_data>=0.6.0 (from ipython>=7.23.1->ipykernel==6.29.5)
  Downloading stack_data-0.6.3-py3-none-any.whl.metadata (18 kB)
Collecting cloudpickle>=3.0 (from joblib>=1.2.0->scikit-learn==1.5.2)
  Downloading cloudpickle-3.1.2-py3-none-any.whl.metadata (7.1 kB)
Collecting platformdirs>=2.5 (from jupyter-core>=4.7->nbconvert==7.16.6)
  Downloading platformdirs-4.11.12-py3-none-any.whl.metadata (5.5 kB)
Collecting rich (from keras>=3.5.0->tensorflow==2.18.0)
  Downloading rich-15.0.0-py3-none-any.whl.metadata (18 kB)
Collecting namex (from keras>=3.5.0->tensorflow==2.18.0)
  Downloading namex-0.1.0-py3-none-any.whl.metadata (322 bytes)
Collecting optree (from keras>=3.5.0->tensorflow==2.18.0)
  Downloading optree-0.20.0-cp312-cp312-macosx_11_0_arm64.whl.metadata (32 kB)
Collecting fastjsonschema>=2.15 (from nbformat>=5.7->nbconvert==7.16.6)
  Downloading fastjsonschema-2.22.2-py3-none-any.whl.metadata (2.1 kB)
Collecting jsonschema>=2.6 (from nbformat>=5.7->nbconvert==7.16.6)
  Downloading jsonschema-4.26.0-py3-none-any.whl.metadata (7.6 kB)
Collecting charset_normalizer<4,>=2 (from requests<3,>=2.21.0->tensorflow==2.18.0)
  Downloading charset_normalizer-3.5.1-cp312-cp312-macosx_10_13_universal2.whl.metadata (45 kB)
Collecting idna<4,>=2.5 (from requests<3,>=2.21.0->tensorflow==2.18.0)
  Downloading idna-3.20-py3-none-any.whl.metadata (7.2 kB)
Collecting urllib3<3,>=1.26 (from requests<3,>=2.21.0->tensorflow==2.18.0)
  Downloading urllib3-2.8.0-py3-none-any.whl.metadata (7.4 kB)
Collecting certifi>=2023.5.7 (from requests<3,>=2.21.0->tensorflow==2.18.0)
  Downloading certifi-2026.7.22-py3-none-any.whl.metadata (2.5 kB)
Collecting markdown>=2.6.8 (from tensorboard<2.19,>=2.18->tensorflow==2.18.0)
  Downloading markdown-3.10.3-py3-none-any.whl.metadata (5.1 kB)
Collecting tensorboard-data-server<0.8.0,>=0.7.0 (from tensorboard<2.19,>=2.18->tensorflow==2.18.0)
  Downloading tensorboard_data_server-0.7.2-py3-none-any.whl.metadata (1.1 kB)
Collecting werkzeug>=1.0.1 (from tensorboard<2.19,>=2.18->tensorflow==2.18.0)
  Downloading werkzeug-3.1.8-py3-none-any.whl.metadata (4.0 kB)
Collecting soupsieve>=1.6.1 (from beautifulsoup4->nbconvert==7.16.6)
  Downloading soupsieve-2.9.2-py3-none-any.whl.metadata (4.6 kB)
Collecting parso<0.9.0,>=0.8.6 (from jedi>=0.18.2->ipython>=7.23.1->ipykernel==6.29.5)
  Downloading parso-0.8.7-py2.py3-none-any.whl.metadata (8.2 kB)
Collecting attrs>=22.2.0 (from jsonschema>=2.6->nbformat>=5.7->nbconvert==7.16.6)
  Downloading attrs-26.1.0-py3-none-any.whl.metadata (8.8 kB)
Collecting jsonschema-specifications>=2023.03.6 (from jsonschema>=2.6->nbformat>=5.7->nbconvert==7.16.6)
  Downloading jsonschema_specifications-2025.9.1-py3-none-any.whl.metadata (2.9 kB)
Collecting referencing>=0.28.4 (from jsonschema>=2.6->nbformat>=5.7->nbconvert==7.16.6)
  Downloading referencing-0.37.0-py3-none-any.whl.metadata (2.8 kB)
Collecting rpds-py>=0.25.0 (from jsonschema>=2.6->nbformat>=5.7->nbconvert==7.16.6)
  Downloading rpds_py-2026.6.3-cp312-cp312-macosx_11_0_arm64.whl.metadata (4.1 kB)
Collecting ptyprocess>=0.5 (from pexpect>4.6->ipython>=7.23.1->ipykernel==6.29.5)
  Downloading ptyprocess-0.7.0-py2.py3-none-any.whl.metadata (1.3 kB)
Collecting wcwidth>=0.1.4 (from prompt_toolkit<3.1.0,>=3.0.41->ipython>=7.23.1->ipykernel==6.29.5)
  Downloading wcwidth-0.8.4-py3-none-any.whl.metadata (23 kB)
Collecting executing>=1.2.0 (from stack_data>=0.6.0->ipython>=7.23.1->ipykernel==6.29.5)
  Downloading executing-2.2.1-py2.py3-none-any.whl.metadata (8.9 kB)
Collecting asttokens>=2.1.0 (from stack_data>=0.6.0->ipython>=7.23.1->ipykernel==6.29.5)
  Downloading asttokens-3.0.2-py3-none-any.whl.metadata (5.7 kB)
Collecting pure-eval (from stack_data>=0.6.0->ipython>=7.23.1->ipykernel==6.29.5)
  Downloading pure_eval-0.2.4-py3-none-any.whl.metadata (6.4 kB)
Collecting markdown-it-py>=2.2.0 (from rich->keras>=3.5.0->tensorflow==2.18.0)
  Downloading markdown_it_py-4.2.0-py3-none-any.whl.metadata (7.4 kB)
Collecting mdurl~=0.1 (from markdown-it-py>=2.2.0->rich->keras>=3.5.0->tensorflow==2.18.0)
  Downloading mdurl-0.1.2-py3-none-any.whl.metadata (1.6 kB)
Downloading numpy-1.26.4-cp312-cp312-macosx_11_0_arm64.whl (13.7 MB)
   ━━━━━━━━━━━━━━━━━━━━━━━━━━━━━━━━━━━━━━━━ 13.7/13.7 MB 3.4 MB/s eta 0:00:00
Downloading pandas-2.2.3-cp312-cp312-macosx_11_0_arm64.whl (11.4 MB)
   ━━━━━━━━━━━━━━━━━━━━━━━━━━━━━━━━━━━━━━━━ 11.4/11.4 MB 3.4 MB/s eta 0:00:00
Downloading scikit_learn-1.5.2-cp312-cp312-macosx_12_0_arm64.whl (11.0 MB)
   ━━━━━━━━━━━━━━━━━━━━━━━━━━━━━━━━━━━━━━━━ 11.0/11.0 MB 2.8 MB/s eta 0:00:00
Downloading scipy-1.14.1-cp312-cp312-macosx_14_0_arm64.whl (23.1 MB)
   ━━━━━━━━━━━━━━━━━━━━━━━━━━━━━━━━━━━━━━━━ 23.1/23.1 MB 5.5 MB/s eta 0:00:00
Downloading torch-2.6.0-cp312-none-macosx_11_0_arm64.whl (66.5 MB)
   ━━━━━━━━━━━━━━━━━━━━━━━━━━━━━━━━━━━━━━━━ 66.5/66.5 MB 4.2 MB/s eta 0:00:00
Downloading fair_esm-2.0.0-py3-none-any.whl (93 kB)
Downloading cleanlab-2.7.0-py3-none-any.whl (347 kB)
Downloading openpyxl-3.1.5-py2.py3-none-any.whl (250 kB)
Downloading nbconvert-7.16.6-py3-none-any.whl (258 kB)
Downloading ipykernel-6.29.5-py3-none-any.whl (117 kB)
Downloading matplotlib-3.10.0-cp312-cp312-macosx_11_0_arm64.whl (8.0 MB)
   ━━━━━━━━━━━━━━━━━━━━━━━━━━━━━━━━━━━━━━━━ 8.0/8.0 MB 2.0 MB/s eta 0:00:00
Downloading lightgbm-4.6.0-py3-none-macosx_12_0_arm64.whl (1.6 MB)
   ━━━━━━━━━━━━━━━━━━━━━━━━━━━━━━━━━━━━━━━━ 1.6/1.6 MB 3.1 MB/s eta 0:00:00
Downloading rapidfuzz-3.12.1-cp312-cp312-macosx_11_0_arm64.whl (1.4 MB)
   ━━━━━━━━━━━━━━━━━━━━━━━━━━━━━━━━━━━━━━━━ 1.4/1.4 MB 8.3 MB/s eta 0:00:00
Downloading tensorflow-2.18.0-cp312-cp312-macosx_12_0_arm64.whl (239.6 MB)
   ━━━━━━━━━━━━━━━━━━━━━━━━━━━━━━━━━━━━━━━━ 239.6/239.6 MB 4.1 MB/s eta 0:00:00
Downloading sympy-1.13.1-py3-none-any.whl (6.2 MB)
   ━━━━━━━━━━━━━━━━━━━━━━━━━━━━━━━━━━━━━━━━ 6.2/6.2 MB 1.9 MB/s eta 0:00:00
Downloading absl_py-2.5.0-py3-none-any.whl (137 kB)
Downloading astunparse-1.6.3-py2.py3-none-any.whl (12 kB)
Downloading bleach-6.4.0-py3-none-any.whl (165 kB)
Downloading comm-0.2.3-py3-none-any.whl (7.3 kB)
Downloading contourpy-1.3.3-cp312-cp312-macosx_11_0_arm64.whl (273 kB)
Downloading cycler-0.12.1-py3-none-any.whl (8.3 kB)
Downloading debugpy-1.8.22-cp312-cp312-macosx_15_0_universal2.whl (2.5 MB)
   ━━━━━━━━━━━━━━━━━━━━━━━━━━━━━━━━━━━━━━━━ 2.5/2.5 MB 2.0 MB/s eta 0:00:00
Downloading flatbuffers-25.12.19-py2.py3-none-any.whl (26 kB)
Downloading fonttools-4.65.0-cp312-cp312-macosx_10_13_universal2.whl (3.1 MB)
   ━━━━━━━━━━━━━━━━━━━━━━━━━━━━━━━━━━━━━━━━ 3.1/3.1 MB 4.6 MB/s eta 0:00:00
Downloading gast-0.7.0-py3-none-any.whl (22 kB)
Downloading google_pasta-0.2.0-py3-none-any.whl (57 kB)
Downloading grpcio-1.84.0-cp312-cp312-macosx_11_0_universal2.whl (12.3 MB)
   ━━━━━━━━━━━━━━━━━━━━━━━━━━━━━━━━━━━━━━━━ 12.3/12.3 MB 3.0 MB/s eta 0:00:00
Downloading h5py-3.16.0-cp312-cp312-macosx_11_0_arm64.whl (3.1 MB)
   ━━━━━━━━━━━━━━━━━━━━━━━━━━━━━━━━━━━━━━━━ 3.1/3.1 MB 1.7 MB/s eta 0:00:00
Downloading ipython-9.17.1-py3-none-any.whl (639 kB)
   ━━━━━━━━━━━━━━━━━━━━━━━━━━━━━━━━━━━━━━━ 639.0/639.0 kB 524.3 kB/s eta 0:00:00
Downloading jinja2-3.1.6-py3-none-any.whl (134 kB)
Downloading joblib-1.6.0-py3-none-any.whl (306 kB)
Downloading jupyter_client-8.10.0-py3-none-any.whl (110 kB)
Downloading jupyter_core-5.9.1-py3-none-any.whl (29 kB)
Downloading keras-3.15.1-py3-none-any.whl (2.4 MB)
   ━━━━━━━━━━━━━━━━━━━━━━━━━━━━━━━━━━━━━━━━ 2.4/2.4 MB 3.0 MB/s eta 0:00:00
Downloading kiwisolver-1.5.1-cp312-cp312-macosx_11_0_arm64.whl (64 kB)
Downloading libclang-18.1.1-1-py2.py3-none-macosx_11_0_arm64.whl (25.8 MB)
   ━━━━━━━━━━━━━━━━━━━━━━━━━━━━━━━━━━━━━━━━ 25.8/25.8 MB 5.5 MB/s eta 0:00:00
Downloading markupsafe-3.0.3-cp312-cp312-macosx_11_0_arm64.whl (12 kB)
Downloading matplotlib_inline-0.2.2-py3-none-any.whl (9.5 kB)
Downloading mistune-3.3.4-py3-none-any.whl (66 kB)
Downloading ml_dtypes-0.4.1-cp312-cp312-macosx_10_9_universal2.whl (405 kB)
Downloading nbclient-0.11.0-py3-none-any.whl (25 kB)
Downloading nbformat-5.11.1-py3-none-any.whl (79 kB)
Downloading opt_einsum-3.4.0-py3-none-any.whl (71 kB)
Downloading packaging-26.3-py3-none-any.whl (129 kB)
Downloading pandocfilters-1.5.1-py2.py3-none-any.whl (8.7 kB)
Downloading pillow-12.3.0-cp312-cp312-macosx_11_0_arm64.whl (4.8 MB)
   ━━━━━━━━━━━━━━━━━━━━━━━━━━━━━━━━━━━━━━━━ 4.8/4.8 MB 2.4 MB/s eta 0:00:00
Downloading protobuf-5.29.6-cp38-abi3-macosx_10_9_universal2.whl (418 kB)
Downloading psutil-7.2.2-cp36-abi3-macosx_11_0_arm64.whl (129 kB)
Downloading pygments-2.21.0-py3-none-any.whl (1.3 MB)
   ━━━━━━━━━━━━━━━━━━━━━━━━━━━━━━━━━━━━━━━━ 1.3/1.3 MB 3.1 MB/s eta 0:00:00
Downloading pyparsing-3.3.3-py3-none-any.whl (126 kB)
Downloading python_dateutil-2.9.0.post0-py2.py3-none-any.whl (229 kB)
Downloading pytz-2026.3.post1-py2.py3-none-any.whl (508 kB)
Downloading pyzmq-27.2.0-cp312-abi3-macosx_10_15_universal2.whl (1.4 MB)
   ━━━━━━━━━━━━━━━━━━━━━━━━━━━━━━━━━━━━━━━━ 1.4/1.4 MB 5.0 MB/s eta 0:00:00
Downloading requests-2.34.2-py3-none-any.whl (73 kB)
Downloading six-1.17.0-py2.py3-none-any.whl (11 kB)
Downloading tensorboard-2.18.0-py3-none-any.whl (5.5 MB)
   ━━━━━━━━━━━━━━━━━━━━━━━━━━━━━━━━━━━━━━━━ 5.5/5.5 MB 6.2 MB/s eta 0:00:00
Downloading setuptools-84.0.0-py3-none-any.whl (818 kB)
   ━━━━━━━━━━━━━━━━━━━━━━━━━━━━━━━━━━━━━━━━ 818.2/818.2 kB 7.2 MB/s eta 0:00:00
Downloading termcolor-3.3.0-py3-none-any.whl (7.7 kB)
Downloading threadpoolctl-3.7.0-py3-none-any.whl (26 kB)
Downloading tornado-6.5.10-cp39-abi3-macosx_10_9_universal2.whl (465 kB)
Downloading tqdm-4.70.1-py3-none-any.whl (80 kB)
Downloading traitlets-5.16.1-py3-none-any.whl (86 kB)
Downloading typing_extensions-4.16.0-py3-none-any.whl (45 kB)
Downloading tzdata-2026.4-py2.py3-none-any.whl (347 kB)
Downloading wrapt-2.4.1-cp312-cp312-macosx_11_0_arm64.whl (98 kB)
Downloading appnope-1.0.0-py3-none-any.whl (4.2 kB)
Downloading beautifulsoup4-4.15.0-py3-none-any.whl (109 kB)
Downloading defusedxml-0.7.1-py2.py3-none-any.whl (25 kB)
Downloading et_xmlfile-2.0.0-py3-none-any.whl (18 kB)
Downloading filelock-4.0.1-py3-none-any.whl (106 kB)
Downloading fsspec-2026.9.0-py3-none-any.whl (221 kB)
Downloading jupyterlab_pygments-0.3.0-py3-none-any.whl (15 kB)
Downloading nest_asyncio-1.6.0-py3-none-any.whl (5.2 kB)
Downloading networkx-3.7-py3-none-any.whl (2.1 MB)
   ━━━━━━━━━━━━━━━━━━━━━━━━━━━━━━━━━━━━━━━━ 2.1/2.1 MB 1.2 MB/s eta 0:00:00
Downloading certifi-2026.7.22-py3-none-any.whl (136 kB)
Downloading charset_normalizer-3.5.1-cp312-cp312-macosx_10_13_universal2.whl (344 kB)
Downloading cloudpickle-3.1.2-py3-none-any.whl (22 kB)
Downloading fastjsonschema-2.22.2-py3-none-any.whl (27 kB)
Downloading idna-3.20-py3-none-any.whl (69 kB)
Downloading ipython_pygments_lexers-1.1.1-py3-none-any.whl (8.1 kB)
Downloading jedi-0.20.0-py2.py3-none-any.whl (4.9 MB)
   ━━━━━━━━━━━━━━━━━━━━━━━━━━━━━━━━━━━━━━━━ 4.9/4.9 MB 2.0 MB/s eta 0:00:00
Downloading jsonschema-4.26.0-py3-none-any.whl (90 kB)
Downloading markdown-3.10.3-py3-none-any.whl (110 kB)
Downloading mpmath-1.3.0-py3-none-any.whl (536 kB)
   ━━━━━━━━━━━━━━━━━━━━━━━━━━━━━━━━━━━━━━━━ 536.2/536.2 kB 21.9 MB/s eta 0:00:00
Downloading pexpect-4.9.0-py2.py3-none-any.whl (63 kB)
Downloading platformdirs-4.11.12-py3-none-any.whl (24 kB)
Downloading prompt_toolkit-3.0.53-py3-none-any.whl (392 kB)
Downloading soupsieve-2.9.2-py3-none-any.whl (37 kB)
Downloading stack_data-0.6.3-py3-none-any.whl (24 kB)
Downloading tensorboard_data_server-0.7.2-py3-none-any.whl (2.4 kB)
Downloading tinycss2-1.5.1-py3-none-any.whl (28 kB)
Downloading urllib3-2.8.0-py3-none-any.whl (135 kB)
Downloading webencodings-0.6.1-py3-none-any.whl (8.7 kB)
Downloading werkzeug-3.1.8-py3-none-any.whl (226 kB)
Downloading wheel-0.48.0-py3-none-any.whl (33 kB)
Downloading namex-0.1.0-py3-none-any.whl (5.9 kB)
Downloading optree-0.20.0-cp312-cp312-macosx_11_0_arm64.whl (417 kB)
Downloading rich-15.0.0-py3-none-any.whl (310 kB)
Downloading asttokens-3.0.2-py3-none-any.whl (28 kB)
Downloading attrs-26.1.0-py3-none-any.whl (67 kB)
Downloading executing-2.2.1-py2.py3-none-any.whl (28 kB)
Downloading jsonschema_specifications-2025.9.1-py3-none-any.whl (18 kB)
Downloading markdown_it_py-4.2.0-py3-none-any.whl (91 kB)
Downloading parso-0.8.7-py2.py3-none-any.whl (107 kB)
Downloading ptyprocess-0.7.0-py2.py3-none-any.whl (13 kB)
Downloading referencing-0.37.0-py3-none-any.whl (26 kB)
Downloading rpds_py-2026.6.3-cp312-cp312-macosx_11_0_arm64.whl (338 kB)
Downloading wcwidth-0.8.4-py3-none-any.whl (299 kB)
Downloading pure_eval-0.2.4-py3-none-any.whl (11 kB)
Downloading mdurl-0.1.2-py3-none-any.whl (10.0 kB)
Installing collected packages: pytz, pure-eval, ptyprocess, namex, mpmath, libclang, flatbuffers, fair-esm, wrapt, webencodings, wcwidth, urllib3, tzdata, typing-extensions, traitlets, tqdm, tornado, threadpoolctl, termcolor, tensorboard-data-server, sympy, soupsieve, six, setuptools, rpds-py, rapidfuzz, pyzmq, pyparsing, pygments, psutil, protobuf, platformdirs, pillow, pexpect, parso, pandocfilters, packaging, opt-einsum, numpy, networkx, nest-asyncio, mistune, mdurl, markupsafe, markdown, kiwisolver, jupyterlab-pygments, idna, gast, fsspec, fonttools, filelock, fastjsonschema, executing, et-xmlfile, defusedxml, debugpy, cycler, comm, cloudpickle, charset_normalizer, certifi, attrs, asttokens, appnope, absl-py, wheel, werkzeug, tinycss2, stack_data, scipy, requests, referencing, python-dateutil, prompt_toolkit, optree, openpyxl, ml-dtypes, matplotlib-inline, markdown-it-py, jupyter-core, joblib, jinja2, jedi, ipython-pygments-lexers, h5py, grpcio, google-pasta, contourpy, bleach, beautifulsoup4, torch, tensorboard, scikit-learn, rich, pandas, matplotlib, lightgbm, jupyter-client, jsonschema-specifications, ipython, astunparse, keras, jsonschema, ipykernel, cleanlab, tensorflow, nbformat, nbclient, nbconvert
Successfully installed absl-py-2.5.0 appnope-1.0.0 asttokens-3.0.2 astunparse-1.6.3 attrs-26.1.0 beautifulsoup4-4.15.0 bleach-6.4.0 certifi-2026.7.22 charset_normalizer-3.5.1 cleanlab-2.7.0 cloudpickle-3.1.2 comm-0.2.3 contourpy-1.3.3 cycler-0.12.1 debugpy-1.8.22 defusedxml-0.7.1 et-xmlfile-2.0.0 executing-2.2.1 fair-esm-2.0.0 fastjsonschema-2.22.2 filelock-4.0.1 flatbuffers-25.12.19 fonttools-4.65.0 fsspec-2026.9.0 gast-0.7.0 google-pasta-0.2.0 grpcio-1.84.0 h5py-3.16.0 idna-3.20 ipykernel-6.29.5 ipython-9.17.1 ipython-pygments-lexers-1.1.1 jedi-0.20.0 jinja2-3.1.6 joblib-1.6.0 jsonschema-4.26.0 jsonschema-specifications-2025.9.1 jupyter-client-8.10.0 jupyter-core-5.9.1 jupyterlab-pygments-0.3.0 keras-3.15.1 kiwisolver-1.5.1 libclang-18.1.1 lightgbm-4.6.0 markdown-3.10.3 markdown-it-py-4.2.0 markupsafe-3.0.3 matplotlib-3.10.0 matplotlib-inline-0.2.2 mdurl-0.1.2 mistune-3.3.4 ml-dtypes-0.4.1 mpmath-1.3.0 namex-0.1.0 nbclient-0.11.0 nbconvert-7.16.6 nbformat-5.11.1 nest-asyncio-1.6.0 networkx-3.7 numpy-1.26.4 openpyxl-3.1.5 opt-einsum-3.4.0 optree-0.20.0 packaging-26.3 pandas-2.2.3 pandocfilters-1.5.1 parso-0.8.7 pexpect-4.9.0 pillow-12.3.0 platformdirs-4.11.12 prompt_toolkit-3.0.53 protobuf-5.29.6 psutil-7.2.2 ptyprocess-0.7.0 pure-eval-0.2.4 pygments-2.21.0 pyparsing-3.3.3 python-dateutil-2.9.0.post0 pytz-2026.3.post1 pyzmq-27.2.0 rapidfuzz-3.12.1 referencing-0.37.0 requests-2.34.2 rich-15.0.0 rpds-py-2026.6.3 scikit-learn-1.5.2 scipy-1.14.1 setuptools-84.0.0 six-1.17.0 soupsieve-2.9.2 stack_data-0.6.3 sympy-1.13.1 tensorboard-2.18.0 tensorboard-data-server-0.7.2 tensorflow-2.18.0 termcolor-3.3.0 threadpoolctl-3.7.0 tinycss2-1.5.1 torch-2.6.0 tornado-6.5.10 tqdm-4.70.1 traitlets-5.16.1 typing-extensions-4.16.0 tzdata-2026.4 urllib3-2.8.0 wcwidth-0.8.4 webencodings-0.6.1 werkzeug-3.1.8 wheel-0.48.0 wrapt-2.4.1
